// Jest Snapshot v1, https://goo.gl/fbAQLP

exports[`Header - Component Header renders should render the Header component 1`] = `
ShallowWrapper {
  "complexSelector": ComplexSelector {
    "buildPredicate": [Function],
    "childrenOfNode": [Function],
    "findWhereUnwrapped": [Function],
  },
  "length": 1,
  "node": <div
    className="Header"
>
    <div
        className="App-header"
    >
        <h2>
            An Awesome Chat App
        </h2>
        <div
            className="Button-wrapper"
        >
            <Button
                text="Add Chat"
            />
        </div>
    </div>
</div>,
  "nodes": Array [
    <div
      className="Header"
>
      <div
            className="App-header"
      >
            <h2>
                  An Awesome Chat App
            </h2>
            <div
                  className="Button-wrapper"
            >
                  <Button
                        text="Add Chat"
                  />
            </div>
      </div>
</div>,
  ],
  "options": Object {},
  "renderer": ReactShallowRenderer {
    "_instance": ShallowComponentWrapper {
      "_calledComponentWillUnmount": false,
      "_compositeType": 0,
      "_context": Object {},
      "_currentElement": <Header />,
      "_debugID": 9,
      "_hostContainerInfo": null,
      "_hostParent": null,
      "_instance": Header {
        "_reactInternalInstance": [Circular],
        "context": Object {},
        "props": Object {},
        "refs": Object {},
        "state": null,
        "updater": Object {
          "enqueueCallback": [Function],
          "enqueueCallbackInternal": [Function],
          "enqueueElementInternal": [Function],
          "enqueueForceUpdate": [Function],
          "enqueueReplaceState": [Function],
          "enqueueSetState": [Function],
          "isMounted": [Function],
          "validateCallback": [Function],
        },
      },
      "_mountOrder": 1,
      "_pendingCallbacks": null,
      "_pendingElement": null,
      "_pendingForceUpdate": false,
      "_pendingReplaceState": false,
      "_pendingStateQueue": null,
      "_renderedComponent": NoopInternalComponent {
        "_currentElement": <div
          className="Header"
>
          <div
                    className="App-header"
          >
                    <h2>
                              An Awesome Chat App
                    </h2>
                    <div
                              className="Button-wrapper"
                    >
                              <Button
                                        text="Add Chat"
                              />
                    </div>
          </div>
</div>,
        "_debugID": 10,
        "_renderedOutput": <div
          className="Header"
>
          <div
                    className="App-header"
          >
                    <h2>
                              An Awesome Chat App
                    </h2>
                    <div
                              className="Button-wrapper"
                    >
                              <Button
                                        text="Add Chat"
                              />
                    </div>
          </div>
</div>,
      },
      "_renderedNodeType": 0,
      "_rootNodeID": 0,
      "_topLevelWrapper": null,
      "_updateBatchNumber": null,
      "_warnedAboutRefsInRender": false,
    },
    "getRenderOutput": [Function],
    "render": [Function],
  },
  "root": [Circular],
  "unrendered": <Header />,
}
`;
