// Jest Snapshot v1, https://goo.gl/fbAQLP

exports[`SelectedChat - Component SelectedChat renders should render the SelectedChat component 1`] = `
ShallowWrapper {
  "complexSelector": ComplexSelector {
    "buildPredicate": [Function],
    "childrenOfNode": [Function],
    "findWhereUnwrapped": [Function],
  },
  "length": 1,
  "node": <div
    className="Selected-chat"
>
    <h3>
        Selected Chat
    </h3>
    <ChatMessage
        message="welcome to the chat"
        type="app"
    />
    <TextBox
        onSendMessage={undefined}
    />
</div>,
  "nodes": Array [
    <div
      className="Selected-chat"
>
      <h3>
            Selected Chat
      </h3>
      <ChatMessage
            message="welcome to the chat"
            type="app"
      />
      <TextBox
            onSendMessage={undefined}
      />
</div>,
  ],
  "options": Object {},
  "renderer": ReactShallowRenderer {
    "_instance": ShallowComponentWrapper {
      "_calledComponentWillUnmount": false,
      "_compositeType": 0,
      "_context": Object {},
      "_currentElement": <SelectedChat />,
      "_debugID": 12,
      "_hostContainerInfo": null,
      "_hostParent": null,
      "_instance": SelectedChat {
        "_reactInternalInstance": [Circular],
        "context": Object {},
        "props": Object {},
        "refs": Object {},
        "state": null,
        "updater": Object {
          "enqueueCallback": [Function],
          "enqueueCallbackInternal": [Function],
          "enqueueElementInternal": [Function],
          "enqueueForceUpdate": [Function],
          "enqueueReplaceState": [Function],
          "enqueueSetState": [Function],
          "isMounted": [Function],
          "validateCallback": [Function],
        },
      },
      "_mountOrder": 1,
      "_pendingCallbacks": null,
      "_pendingElement": null,
      "_pendingForceUpdate": false,
      "_pendingReplaceState": false,
      "_pendingStateQueue": null,
      "_renderedComponent": NoopInternalComponent {
        "_currentElement": <div
          className="Selected-chat"
>
          <h3>
                    Selected Chat
          </h3>
          <ChatMessage
                    message="welcome to the chat"
                    type="app"
          />
          <TextBox
                    onSendMessage={undefined}
          />
</div>,
        "_debugID": 13,
        "_renderedOutput": <div
          className="Selected-chat"
>
          <h3>
                    Selected Chat
          </h3>
          <ChatMessage
                    message="welcome to the chat"
                    type="app"
          />
          <TextBox
                    onSendMessage={undefined}
          />
</div>,
      },
      "_renderedNodeType": 0,
      "_rootNodeID": 0,
      "_topLevelWrapper": null,
      "_updateBatchNumber": null,
      "_warnedAboutRefsInRender": false,
    },
    "getRenderOutput": [Function],
    "render": [Function],
  },
  "root": [Circular],
  "unrendered": <SelectedChat />,
}
`;
