// Jest Snapshot v1, https://goo.gl/fbAQLP

exports[`Button - Component Button renders should render the Button component 1`] = `
ShallowWrapper {
  "complexSelector": ComplexSelector {
    "buildPredicate": [Function],
    "childrenOfNode": [Function],
    "findWhereUnwrapped": [Function],
  },
  "length": 1,
  "node": <button
    className="Button"
    onClick={[Function]}
>
    Test
</button>,
  "nodes": Array [
    <button
      className="Button"
      onClick={[Function]}
>
      Test
</button>,
  ],
  "options": Object {},
  "renderer": ReactShallowRenderer {
    "_instance": ShallowComponentWrapper {
      "_calledComponentWillUnmount": false,
      "_compositeType": 0,
      "_context": Object {},
      "_currentElement": <Button
        onClick={[Function]}
        text="Test"
/>,
      "_debugID": 4,
      "_hostContainerInfo": null,
      "_hostParent": null,
      "_instance": Button {
        "_reactInternalInstance": [Circular],
        "context": Object {},
        "props": Object {
          "onClick": [Function],
          "text": "Test",
        },
        "refs": Object {},
        "state": Object {},
        "updater": Object {
          "enqueueCallback": [Function],
          "enqueueCallbackInternal": [Function],
          "enqueueElementInternal": [Function],
          "enqueueForceUpdate": [Function],
          "enqueueReplaceState": [Function],
          "enqueueSetState": [Function],
          "isMounted": [Function],
          "validateCallback": [Function],
        },
      },
      "_mountOrder": 1,
      "_pendingCallbacks": null,
      "_pendingElement": null,
      "_pendingForceUpdate": false,
      "_pendingReplaceState": false,
      "_pendingStateQueue": null,
      "_renderedComponent": NoopInternalComponent {
        "_currentElement": <button
          className="Button"
          onClick={[Function]}
>
          Test
</button>,
        "_debugID": 5,
        "_renderedOutput": <button
          className="Button"
          onClick={[Function]}
>
          Test
</button>,
      },
      "_renderedNodeType": 0,
      "_rootNodeID": 0,
      "_topLevelWrapper": null,
      "_updateBatchNumber": null,
      "_warnedAboutRefsInRender": false,
    },
    "getRenderOutput": [Function],
    "render": [Function],
  },
  "root": [Circular],
  "unrendered": <Button
    onClick={[Function]}
    text="Test"
/>,
}
`;
